// Jest Snapshot v1, https://goo.gl/fbAQLP

exports[`Test App component matches snapshot 1`] = `
Array [
  <header
    className="header"
  >
    <div
      className="wrapper"
    >
      <div
        className="header-line"
      >
        <a
          className="logo"
          href="#"
        >
          netflixroulette
        </a>
      </div>
      <div
        className="movie-search"
      >
        <h1>
          Find your movie
        </h1>
        <input
          className="movie-search__input"
          name="movie"
          type="text"
        />
        <div
          className="movie-search__buttons-line"
        >
          <div
            className="movie-search__buttons"
          >
            <span>
              Search by
            </span>
            <button
              className="button button_active"
              onClick={[Function]}
              value="Title"
            >
              Title
            </button>
            <button
              className="button "
              onClick={[Function]}
              value="Genre"
            >
              Genre
            </button>
          </div>
          <button
            className="button button_search"
            onClick={[Function]}
          >
            Search
          </button>
        </div>
      </div>
    </div>
  </header>,
  <main>
    <div
      className="sort-line"
    >
      <div
        className="wrapper"
      >
        <p
          className="sort-line__movies-num"
        >
          4
           movies found
        </p>
        <div
          className="sort-line__selectors"
        >
          Sort by
          <span
            className="button_minimal button_minimal_active"
            onClick={[Function]}
          >
            release date
          </span>
          <span
            className="button_minimal "
            onClick={[Function]}
          >
            raiting
          </span>
        </div>
      </div>
    </div>
    <div
      className="wrapper"
    >
      <div
        className="movies-list"
      >
        <article
          className="movie"
          onClick={[Function]}
        >
          <div
            className="movie__image-wrapper"
          >
            <img
              alt=""
              className="movie__image"
              src="https://image.tmdb.org/t/p/w500/aMETsaNNcDc6g5ZatQtVbySnSaA.jpg"
            />
          </div>
          <div
            className="movie__description"
          >
            <div>
              <h2
                className="movie__title"
              >
                Untitled Avengers
              </h2>
              <p
                className="movie__category"
              >
                Action, Adventure, Science Fiction
              </p>
            </div>
            <p
              className="movie__year"
            >
              2019
            </p>
          </div>
        </article>
        <article
          className="movie"
          onClick={[Function]}
        >
          <div
            className="movie__image-wrapper"
          >
            <img
              alt=""
              className="movie__image"
              src="https://image.tmdb.org/t/p/w500/7WsyChQLEftFiDOVTGkv3hFpyyt.jpg"
            />
          </div>
          <div
            className="movie__description"
          >
            <div>
              <h2
                className="movie__title"
              >
                Avengers: Infinity War
              </h2>
              <p
                className="movie__category"
              >
                Adventure, Science Fiction, Fantasy, Action
              </p>
            </div>
            <p
              className="movie__year"
            >
              2018
            </p>
          </div>
        </article>
        <article
          className="movie"
          onClick={[Function]}
        >
          <div
            className="movie__image-wrapper"
          >
            <img
              alt=""
              className="movie__image"
              src="https://image.tmdb.org/t/p/w500/t90Y3G8UGQp0f0DrP60wRu9gfrH.jpg"
            />
          </div>
          <div
            className="movie__description"
          >
            <div>
              <h2
                className="movie__title"
              >
                Avengers: Age of Ultron
              </h2>
              <p
                className="movie__category"
              >
                Action, Adventure, Science Fiction
              </p>
            </div>
            <p
              className="movie__year"
            >
              2015
            </p>
          </div>
        </article>
        <article
          className="movie"
          onClick={[Function]}
        >
          <div
            className="movie__image-wrapper"
          >
            <img
              alt=""
              className="movie__image"
              src="https://image.tmdb.org/t/p/w500/cezWGskPY5x7GaglTTRN4Fugfb8.jpg"
            />
          </div>
          <div
            className="movie__description"
          >
            <div>
              <h2
                className="movie__title"
              >
                The Avengers
              </h2>
              <p
                className="movie__category"
              >
                Science Fiction, Action, Adventure
              </p>
            </div>
            <p
              className="movie__year"
            >
              2012
            </p>
          </div>
        </article>
      </div>
    </div>
  </main>,
  <footer
    className="footer"
  >
    <div
      className="wrapper"
    >
      <a
        className="logo"
        href="#"
      >
        netflixroulette
      </a>
    </div>
  </footer>,
]
`;
